==============================================================================
§1 PUNTOS DE OPERACIÓN  n = 60·v/(π·D)   [user: v=1.0/1.5 m/s; D=50 REV B; D=64 rueda v7 repo]
  D=50 mm v=1.0 m/s -> n= 382.0 rpm  ω= 40.0 rad/s  pulsos@2000µp= 12.7 kpps  f_elec(200 pasos, 4/ciclo)=  318 Hz
  D=50 mm v=1.5 m/s -> n= 573.0 rpm  ω= 60.0 rad/s  pulsos@2000µp= 19.1 kpps  f_elec(200 pasos, 4/ciclo)=  477 Hz
  D=64 mm v=1.0 m/s -> n= 298.4 rpm  ω= 31.2 rad/s  pulsos@2000µp=  9.9 kpps  f_elec(200 pasos, 4/ciclo)=  249 Hz
  D=64 mm v=1.5 m/s -> n= 447.6 rpm  ω= 46.9 rad/s  pulsos@2000µp= 14.9 kpps  f_elec(200 pasos, 4/ciclo)=  373 Hz

§2 PAR DE CONTACTO POR FAMILIA (5 kg, μr=0.03 [user REV B])
  a=1.0 D=50: F_req= 6.47 N F_fam= 4.58 N  T_REVB=0.114  T_corregido=0.081 N·m
  a=1.0 D=64: F_req= 6.47 N F_fam= 4.58 N  T_REVB=0.146  T_corregido=0.104 N·m
  a=2.0 D=50: F_req=11.47 N F_fam= 8.11 N  T_REVB=0.203  T_corregido=0.143 N·m
  a=2.0 D=64: F_req=11.47 N F_fam= 8.11 N  T_REVB=0.260  T_corregido=0.184 N·m
  a=3.0 D=50: F_req=16.47 N F_fam=11.65 N  T_REVB=0.291  T_corregido=0.206 N·m
  a=3.0 D=64: F_req=16.47 N F_fam=11.65 N  T_REVB=0.373  T_corregido=0.264 N·m

§3 INERCIA REFLEJADA (1:1) J_fam = 16·m_w·k² + 4·(½·m_eje·r_hex²) + n_pol·½·m_pol·r_pol² + J_rotor
  Ø50 china 100 g k=20 mm [user REV B sensib.]: J_ruedas=6.40e-04 J_ejes=5.76e-05 J_poleas=2.18e-04 J_rotor=4.8e-05 -> J_fam=9.63e-04 kg·m²
  v7 Ø64 ~80 g k=24 mm [sup A VERIFICAR: 26.5 g cuerpo + rodillos]: J_ruedas=7.37e-04 J_ejes=5.76e-05 J_poleas=4.80e-05 J_rotor=4.8e-05 -> J_fam=8.91e-04 kg·m²
  Ø64 150 g k=26 mm (peor caso): J_ruedas=1.62e-03 J_ejes=5.76e-05 J_poleas=8.00e-05 J_rotor=4.8e-05 -> J_fam=1.81e-03 kg·m²
  Ø50 200 g k=20 mm (REV B 'aun duplicando'): J_ruedas=1.28e-03 J_ejes=5.76e-05 J_poleas=2.18e-04 J_rotor=4.8e-05 -> J_fam=1.60e-03 kg·m²
  Nota: J_rotor 23HS45/23HE45 NO ENCONTRADO (research_motores §4); se usa 57CM23 0.48 kg·cm² como orden de magnitud.

§4 PAR TOTAL EN MOTOR: aceleración a (caja) y INVERSIÓN ±v en t_inv (sin caja: la caja desliza)
  Ø50 china 100 g k=20 mm [user REV  a=2.0: α= 80.0 rad/s² T_in=0.077  T_caja REVB=0.203 corr=0.143  Σ(REVB)=0.280  Σ(corr)=0.220 N·m
      inversión ±1.0 m/s en 0.3 s: α=   267 rad/s² -> T_inercia=0.257 N·m      inversión ±1.0 m/s en 0.5 s: α=   160 rad/s² -> T_inercia=0.154 N·m      inversión ±1.0 m/s en 1.0 s: α=    80 rad/s² -> T_inercia=0.077 N·m
      inversión ±1.5 m/s en 0.3 s: α=   400 rad/s² -> T_inercia=0.385 N·m      inversión ±1.5 m/s en 0.5 s: α=   240 rad/s² -> T_inercia=0.231 N·m      inversión ±1.5 m/s en 1.0 s: α=   120 rad/s² -> T_inercia=0.116 N·m
  v7 Ø64 ~80 g k=24 mm [sup A VERIFI a=2.0: α= 62.5 rad/s² T_in=0.056  T_caja REVB=0.260 corr=0.184  Σ(REVB)=0.315  Σ(corr)=0.239 N·m
      inversión ±1.0 m/s en 0.3 s: α=   208 rad/s² -> T_inercia=0.186 N·m      inversión ±1.0 m/s en 0.5 s: α=   125 rad/s² -> T_inercia=0.111 N·m      inversión ±1.0 m/s en 1.0 s: α=    62 rad/s² -> T_inercia=0.056 N·m
      inversión ±1.5 m/s en 0.3 s: α=   312 rad/s² -> T_inercia=0.278 N·m      inversión ±1.5 m/s en 0.5 s: α=   188 rad/s² -> T_inercia=0.167 N·m      inversión ±1.5 m/s en 1.0 s: α=    94 rad/s² -> T_inercia=0.084 N·m
  Ø64 150 g k=26 mm (peor caso)      a=2.0: α= 62.5 rad/s² T_in=0.113  T_caja REVB=0.260 corr=0.184  Σ(REVB)=0.373  Σ(corr)=0.297 N·m
      inversión ±1.0 m/s en 0.3 s: α=   208 rad/s² -> T_inercia=0.377 N·m      inversión ±1.0 m/s en 0.5 s: α=   125 rad/s² -> T_inercia=0.226 N·m      inversión ±1.0 m/s en 1.0 s: α=    62 rad/s² -> T_inercia=0.113 N·m
      inversión ±1.5 m/s en 0.3 s: α=   312 rad/s² -> T_inercia=0.565 N·m      inversión ±1.5 m/s en 0.5 s: α=   188 rad/s² -> T_inercia=0.339 N·m      inversión ±1.5 m/s en 1.0 s: α=    94 rad/s² -> T_inercia=0.170 N·m
  Ø50 200 g k=20 mm (REV B 'aun dupl a=2.0: α= 80.0 rad/s² T_in=0.128  T_caja REVB=0.203 corr=0.143  Σ(REVB)=0.331  Σ(corr)=0.272 N·m
      inversión ±1.0 m/s en 0.3 s: α=   267 rad/s² -> T_inercia=0.428 N·m      inversión ±1.0 m/s en 0.5 s: α=   160 rad/s² -> T_inercia=0.257 N·m      inversión ±1.0 m/s en 1.0 s: α=    80 rad/s² -> T_inercia=0.128 N·m
      inversión ±1.5 m/s en 0.3 s: α=   400 rad/s² -> T_inercia=0.641 N·m      inversión ±1.5 m/s en 0.5 s: α=   240 rad/s² -> T_inercia=0.385 N·m      inversión ±1.5 m/s en 1.0 s: α=   120 rad/s² -> T_inercia=0.192 N·m

§5 PAR MÁXIMO QUE UNA CAJA PUEDE IMPONER A UNA FAMILIA (límite de fricción: F ≤ μ·N_fam, N_fam=m·g/2)
  μ=0.3 D=50: F_max= 7.36 N -> T_max(corr)=0.130 N·m  (fórmula REV B: 0.184)
  μ=0.3 D=64: F_max= 7.36 N -> T_max(corr)=0.166 N·m  (fórmula REV B: 0.235)
  μ=0.5 D=50: F_max=12.26 N -> T_max(corr)=0.217 N·m  (fórmula REV B: 0.307)
  μ=0.5 D=64: F_max=12.26 N -> T_max(corr)=0.277 N·m  (fórmula REV B: 0.392)
  μ=0.8 D=50: F_max=19.62 N -> T_max(corr)=0.347 N·m  (fórmula REV B: 0.491)
  μ=0.8 D=64: F_max=19.62 N -> T_max(corr)=0.444 N·m  (fórmula REV B: 0.628)

§6 MARGEN PULL-OUT STEPPER (research_motores tabla 2a-1, lecturas ±5 %)
  Demanda de diseño (par de pico en inversión + caja deslizando μ=0.5 [sup]):
    Ø50/100 g: 1.5 m/s t_inv 0.5 s -> 0.45 N·m ; 0.3 s -> 0.60 ; 1.0 m/s 0.3 s -> 0.47
    Ø64/150 g: 1.5 m/s 0.5 s -> 0.62 ; 0.3 s -> 0.84 ; Ø64/80 g 0.5 s -> 0.44
  23HE45-4204S 36V DM556T 4.1A (lazo abierto)   : pull-out 573 rpm 1.40 -> margen vs 0.8=1.75x vs 0.45=3.13x ; 400 rpm 1.97 -> vs 0.47=4.16x
  23HS30-2804S 48V DM542T 2.69A                 : pull-out 573 rpm 1.17 -> margen vs 0.8=1.46x vs 0.45=2.61x ; 400 rpm 1.54 -> vs 0.47=3.25x
  23HS30-2804S 36V                              : pull-out 573 rpm 0.92 -> margen vs 0.8=1.15x vs 0.45=2.05x ; 400 rpm 1.26 -> vs 0.47=2.66x
  Leadshine 57CM23 48V 5A                       : pull-out 573 rpm 1.47 -> margen vs 0.8=1.84x vs 0.45=3.28x ; 400 rpm 1.70 -> vs 0.47=3.59x
  Leadshine 57CM26 48V 5A                       : pull-out 573 rpm 1.18 -> margen vs 0.8=1.47x vs 0.45=2.63x ; 400 rpm 1.60 -> vs 0.47=3.38x
  CS-M22323 closed-loop 48V                     : pull-out 573 rpm 1.70 -> margen vs 0.8=2.12x vs 0.45=3.79x ; 400 rpm 1.95 -> vs 0.47=4.12x
  NEMA34 34HE46 + CL86T 48V                     : pull-out 573 rpm 2.00 -> margen vs 0.8=2.50x vs 0.45=4.46x ; 400 rpm 2.80 -> vs 0.47=5.91x

§7 MODELO ELÉCTRICO SIMPLE DEL STEPPER 23HS45 (R=0.88 Ω, L=3.4 mH [web]) : X=ω_e·L ; I_max≈V/√(R²+X²) (sin back-EMF)
  n=382 rpm f_e= 318 Hz X=  6.8 Ω : V=24: I_max≈3.50 A  V=36: I_max≈5.25 A  V=48: I_max≈7.00 A  
  n=448 rpm f_e= 373 Hz X=  8.0 Ω : V=24: I_max≈2.99 A  V=36: I_max≈4.49 A  V=48: I_max≈5.98 A  
  n=573 rpm f_e= 478 Hz X= 10.2 Ω : V=24: I_max≈2.34 A  V=36: I_max≈3.52 A  V=48: I_max≈4.69 A  
  -> a 573 rpm sólo 48 V permite acercarse a los 4.2 A nominales; a 24 V la corriente (y el par) cae a ~55 %.
  L/R = 3.9 ms vs periodo de paso completo a 573 rpm = 0.52 ms

§8 PÉRDIDAS EN COBRE DEL STEPPER (independientes de la carga): P_cu = 2·I_rms²·R, I_rms = I_pk/√2
  I_pk=3.0 A -> I_rms=2.12 A  P_cu=7.9 W ; con idle 50 %: 2.0 W
  I_pk=4.2 A -> I_rms=2.97 A  P_cu=15.5 W ; con idle 50 %: 3.9 W
  I_pk=5.6 A -> I_rms=3.96 A  P_cu=27.6 W ; con idle 50 %: 6.9 W

§9 POTENCIA MECÁNICA Y CORRIENTE DE BUS ESTIMADA POR MOTOR (η_mec correa/rodam. 0.90 [sup]; η_driver+motor: stepper ~0.6 [sup], BLDC/servo ~0.8 [sup])
  régimen 5 kg 2 m/s² Ø50 (0.30 N·m)    : P_mec= 18.0 W | stepper: P_bus≈ 48.8 W -> 2.03 A@24V 1.02 A@48V | BLDC/servo: P_bus≈ 25.0 W -> 1.04 A@24V 0.52 A@48V
  criterio REV B 0.8 N·m @573           : P_mec= 48.0 W | stepper: P_bus≈104.4 W -> 4.35 A@24V 2.17 A@48V | BLDC/servo: P_bus≈ 66.7 W -> 2.78 A@24V 1.39 A@48V
  0.8 N·m @382                          : P_mec= 32.0 W | stepper: P_bus≈ 74.8 W -> 3.12 A@24V 1.56 A@48V | BLDC/servo: P_bus≈ 44.4 W -> 1.85 A@24V 0.93 A@48V
  pico inversión 0.45 N·m @573          : P_mec= 26.9 W | stepper: P_bus≈ 65.3 W -> 2.72 A@24V 1.36 A@48V | BLDC/servo: P_bus≈ 37.3 W -> 1.56 A@24V 0.78 A@48V

§10 REGENERACIÓN: energía por frenado y capacidad de bus para no superar V_ov
  Ø50/100 g v=1.0: E_rot familia=0.77 J ; E_caja 5 kg=2.50 J ; total por DIVERT (2 familias rot + caja)=4.0 J
  Ø50/100 g v=1.5: E_rot familia=1.73 J ; E_caja 5 kg=5.62 J ; total por DIVERT (2 familias rot + caja)=9.1 J
  Ø64/150 g v=1.0: E_rot familia=0.88 J ; E_caja 5 kg=2.50 J ; total por DIVERT (2 familias rot + caja)=4.3 J
  Ø64/150 g v=1.5: E_rot familia=1.99 J ; E_caja 5 kg=5.62 J ; total por DIVERT (2 familias rot + caja)=9.6 J
  48 V -> OV 60 V (DM556T/iSV): absorber 2.0 J sin chopper exige C=3.1 mF;   48 V -> OV 60 V (DM556T/iSV): absorber 8.0 J sin chopper exige C=12.3 mF; 
  48 V -> chopper 52 V (Interroll): absorber 2.0 J sin chopper exige C=10.0 mF;   48 V -> chopper 52 V (Interroll): absorber 8.0 J sin chopper exige C=40.0 mF; 
  24 V -> 28 V (ZoneLogix din. brake): absorber 2.0 J sin chopper exige C=19.2 mF;   24 V -> 28 V (ZoneLogix din. brake): absorber 8.0 J sin chopper exige C=76.9 mF; 
  -> capacidades de mF no existen en drivers (µF): la energía la disipa el propio motor/driver o hace falta chopper/clamp [calculo].

§11 ECOSISTEMA MDR: velocidad y par en el eje de rueda según motor y relación i (i>1 = multiplicación desde el motor)
  UniDrive One 24V (350 rpm, 14 in·lbf=1.58 N·m cont., 25 lbf·in=2.82 arranque) [web]
     D=50: 1:1 -> v_max=0.92 m/s, T_eje=1.42 N·m | para 1.5 m/s: multiplicar i=1.64 -> T_eje=0.87 nom/1.55 arranque | 1.0 m/s: i=1.09 -> T_eje=1.30
     D=64: 1:1 -> v_max=1.17 m/s, T_eje=1.42 N·m | para 1.5 m/s: multiplicar i=1.28 -> T_eje=1.11 nom/1.99 arranque | 1.0 m/s: reducir 1.17 -> T_eje=1.67
  UniDrive Signature UD100 24V (560 rpm, 15 in·lbf=1.70) [web]
     D=50: 1:1 -> v_max=1.47 m/s, T_eje=1.53 N·m | para 1.5 m/s: multiplicar i=1.02 -> T_eje=1.49 nom | 1.0 m/s: reducir 1.47 -> T_eje=2.24
     D=64: 1:1 -> v_max=1.88 m/s, T_eje=1.53 N·m | 1.5 m/s: reducir i=1.25 -> T_eje=1.91 nom | 1.0 m/s: reducir 1.88 -> T_eje=2.86
  UniDrive CORE 48V (700 rpm, 15 in·lbf=1.70, sin electrónica) [web]
     D=50: 1:1 -> v_max=1.83 m/s, T_eje=1.53 N·m | 1.5 m/s: reducir i=1.22 -> T_eje=1.86 nom | 1.0 m/s: reducir 1.83 -> T_eje=2.80
     D=64: 1:1 -> v_max=2.35 m/s, T_eje=1.53 N·m | 1.5 m/s: reducir i=1.56 -> T_eje=2.39 nom | 1.0 m/s: reducir 2.35 -> T_eje=3.58
  Interroll EC5000 50W 9:1 (767 rpm eje, 0.63 nom / 1.58 acc / 2.54 arranque) [web]
     D=50: 1:1 -> v_max=2.01 m/s, T_eje=0.57 N·m | 1.5 m/s: reducir i=1.34 -> T_eje=0.76 nom/3.06 pico | 1.0 m/s: reducir 2.01 -> T_eje=1.14
     D=64: 1:1 -> v_max=2.57 m/s, T_eje=0.57 N·m | 1.5 m/s: reducir i=1.71 -> T_eje=0.97 nom/3.92 pico | 1.0 m/s: reducir 2.57 -> T_eje=1.46
  Interroll EC5000 50W 13:1 (531 rpm, 0.91/2.29/3.66) [web]
     D=50: 1:1 -> v_max=1.39 m/s, T_eje=0.82 N·m | para 1.5 m/s: multiplicar i=1.08 -> T_eje=0.76 nom/3.05 arranque | 1.0 m/s: reducir 1.39 -> T_eje=1.14
     D=64: 1:1 -> v_max=1.78 m/s, T_eje=0.82 N·m | 1.5 m/s: reducir i=1.19 -> T_eje=0.97 nom/3.91 pico | 1.0 m/s: reducir 1.78 -> T_eje=1.46
  Pulseroller PGD-Ai-48 11:1 (637.5 rpm, 0.75 nom / 1.86 holding) [web]
     D=50: 1:1 -> v_max=1.67 m/s, T_eje=0.68 N·m | 1.5 m/s: reducir i=1.11 -> T_eje=0.75 nom/1.86 pico | 1.0 m/s: reducir 1.67 -> T_eje=1.13
     D=64: 1:1 -> v_max=2.14 m/s, T_eje=0.68 N·m | 1.5 m/s: reducir i=1.42 -> T_eje=0.96 nom/2.38 pico | 1.0 m/s: reducir 2.14 -> T_eje=1.44
  Pulseroller PGD-Ai-48 15:1 (466.7 rpm, 1.02 / 2.54) [web]
     D=50: 1:1 -> v_max=1.22 m/s, T_eje=0.92 N·m | para 1.5 m/s: multiplicar i=1.23 -> T_eje=0.75 nom/1.86 arranque | 1.0 m/s: reducir 1.22 -> T_eje=1.12
     D=64: 1:1 -> v_max=1.56 m/s, T_eje=0.92 N·m | 1.5 m/s: reducir i=1.04 -> T_eje=0.96 nom/2.38 pico | 1.0 m/s: reducir 1.56 -> T_eje=1.44
  iSV57T-180 servo (3000 rpm, 0.6 nom / 1.1 pico) [web]
     D=50: 1:1 -> v_max=7.85 m/s, T_eje=0.54 N·m | 1.5 m/s: reducir i=5.24 -> T_eje=2.83 nom/5.18 pico | 1.0 m/s: reducir 7.85 -> T_eje=4.24
     D=64: 1:1 -> v_max=10.05 m/s, T_eje=0.54 N·m | 1.5 m/s: reducir i=6.70 -> T_eje=3.62 nom/6.64 pico | 1.0 m/s: reducir 10.05 -> T_eje=5.43
  IDS-C60AP-48V400W / JMC iHSV60 48V (3000 rpm, 1.27 nom) [web]
     D=50: 1:1 -> v_max=7.85 m/s, T_eje=1.14 N·m | 1.5 m/s: reducir i=5.24 -> T_eje=5.98 nom | 1.0 m/s: reducir 7.85 -> T_eje=8.98
     D=64: 1:1 -> v_max=10.05 m/s, T_eje=1.14 N·m | 1.5 m/s: reducir i=6.70 -> T_eje=7.66 nom | 1.0 m/s: reducir 10.05 -> T_eje=11.49

§12 BLOQUE OMNI v4 del repo: carrete motor Ø68 -> polea eje Ø40 (o-rings/PJ) [user repo]: i = 68/40
  UniDrive One 350 rpm × 1.70 = 595 rpm en eje -> v = 1.56 m/s (D=50); T_eje cont = 0.84 N·m, arranque 1.49
  UniDrive One 350 rpm × 1.70 = 595 rpm en eje -> v = 1.99 m/s (D=64); T_eje cont = 0.84 N·m, arranque 1.49
  ZP2026 propio: carrete Ø68 -> rodillo Ø50 (diámetro de garganta A VERIFICAR): n_rodillo≈ 476 rpm -> v≈1.25 m/s

§13 RELACIÓN ≠ 1:1 PARA STEPPER: con T(n)≈T0·(n0/n) (zona tras el codo) el par reflejado al eje NO cambia con i;
     lo que cambia es la inercia reflejada (J/i²) y la frecuencia de pulsos. Ejemplo 23HE45 36 V:
  i=1.00 (motor 573 rpm): T_mot≈1.40 -> T_eje≈1.33 N·m; J_fam reflejada ×1.00
  i=1.50 (motor 382 rpm): T_mot≈1.97 -> T_eje≈2.81 N·m; J_fam reflejada ×0.44
  i=0.67 (motor 860 rpm): T_mot≈0.93 -> T_eje≈0.59 N·m; J_fam reflejada ×2.25

§14 CICLO DE ARRANQUES: límite UniDrive/ZoneLogix '25 starts/stops per minute at max current limit' [web]
  un DIVERT = 1 familia: stop + start(-) + stop + start(+) = 4 eventos; FORWARD ZPA singulación = 1-2 eventos/caja
  10 cajas/min con 50 % desviadas: eventos/min por motor ≈ 30 (>25 -> fuera de spec)
  20 cajas/min con 50 % desviadas: eventos/min por motor ≈ 60 (>25 -> fuera de spec)
  40 cajas/min con 50 % desviadas: eventos/min por motor ≈ 120 (>25 -> fuera de spec)

§15 POTENCIA POR MÓDULO OMNI (2 motores) para el balance 48/24 V
  2× stepper 23HS45 + DM556T a 48 V: régimen ≈ 2×49 W = 98 W ; pico inversión ≈ 2×65 W = 131 W ; reposo (idle 50 %) ≈ 2×9 W
  2× UniDrive One 24 V: nominal 2×2 A = 4 A (96 W); stall 2×4 A = 8 A (192 W) [web]
  2× EC5000 48 V 50 W: nominal 2×1.7 A = 3.4 A; arranque 2×3.8 A = 7.6 A [web]
  2× IDS-C60AP 48 V 400 W: nominal 2×10 A = 20 A a 3000 rpm; a 573 rpm/0.8 N·m estimado 2×1.2 A [calculo]
